// Jest Snapshot v1, https://goo.gl/fbAQLP

exports[`rollup plugin should work 1`] = `
"main.js

var main = 'nothing';

export { main as default };



bundle.css


  .main-header {
    background-color: #a2b9bc;
  }

  .menu-left {
    background-color: #b2ad7f;
  }

  .menu-right {
    background-color: #878f99;
  }
"
`;
